// Jest Snapshot v1, https://goo.gl/fbAQLP

exports[`ClayDropDownWithItems renders a DropDownWithItems 1`] = `
<body>
  <div>
    <div
      class="dropdown"
    >
      <button
        class="dropdown-toggle btn btn-primary"
        type="button"
      >
        Click Me
      </button>
    </div>
  </div>
</body>
`;

exports[`ClayDropDownWithItems renders a DropDownWithItems with caption 1`] = `
<body>
  <div>
    <div
      class="dropdown"
    >
      <button
        class="dropdown-toggle btn btn-primary"
        type="button"
      >
        Click Me
      </button>
    </div>
  </div>
</body>
`;

exports[`ClayDropDownWithItems renders a DropDownWithItems with checkbox 1`] = `
<body>
  <div>
    <div
      class="dropdown"
    >
      <button
        class="dropdown-toggle btn btn-primary"
        type="button"
      >
        Click Me
      </button>
    </div>
  </div>
</body>
`;

exports[`ClayDropDownWithItems renders a DropDownWithItems with footer content 1`] = `
<body>
  <div>
    <div
      class="dropdown"
    >
      <button
        class="dropdown-toggle btn btn-primary"
        type="button"
      >
        Click Me
      </button>
    </div>
  </div>
</body>
`;

exports[`ClayDropDownWithItems renders a DropDownWithItems with help text 1`] = `
<body>
  <div>
    <div
      class="dropdown"
    >
      <button
        class="dropdown-toggle btn btn-primary"
        type="button"
      >
        Click Me
      </button>
    </div>
  </div>
</body>
`;

exports[`ClayDropDownWithItems renders a DropDownWithItems with radio group 1`] = `
<body>
  <div>
    <div
      class="dropdown"
    >
      <button
        class="dropdown-toggle btn btn-primary"
        type="button"
      >
        Click Me
      </button>
    </div>
  </div>
</body>
`;

exports[`ClayDropDownWithItems renders a DropDownWithItems with search 1`] = `
<body>
  <div>
    <div
      class="dropdown"
    >
      <button
        class="dropdown-toggle btn btn-primary"
        type="button"
      >
        Click Me
      </button>
    </div>
  </div>
</body>
`;
